[0.005s] Invoking command in '/home/lab/projects/cf/online/ros_ws/src/CoManDO_planner/build/comando_planner': /usr/local/bin/cmake /home/lab/projects/cf/online/ros_ws/src/CoManDO_planner -DCMAKE_INSTALL_PREFIX=/home/lab/projects/cf/online/ros_ws/src/CoManDO_planner/install/comando_planner
[0.039s] -- The C compiler identification is GNU 12.3.0
[0.075s] -- The CXX compiler identification is GNU 11.4.0
[0.079s] -- Detecting C compiler ABI info
[0.113s] -- Detecting C compiler ABI info - done
[0.121s] -- Check for working C compiler: /usr/bin/cc - skipped
[0.121s] -- Detecting C compile features
[0.121s] -- Detecting C compile features - done
[0.128s] -- Detecting CXX compiler ABI info
[0.167s] -- Detecting CXX compiler ABI info - done
[0.175s] -- Check for working CXX compiler: /usr/bin/c++ - skipped
[0.176s] -- Detecting CXX compile features
[0.176s] -- Detecting CXX compile features - done
[0.185s] [31mCMake Error at CMakeLists.txt:12 (find_package):
[0.185s]   By not providing "Findament_cmake.cmake" in CMAKE_MODULE_PATH this project
[0.185s]   has asked CMake to find a package configuration file provided by
[0.185s]   "ament_cmake", but CMake did not find one.
[0.185s] 
[0.185s]   Could not find a package configuration file provided by "ament_cmake" with
[0.185s]   any of the following names:
[0.185s] 
[0.185s]     ament_cmakeConfig.cmake
[0.186s]     ament_cmake-config.cmake
[0.186s] 
[0.186s]   Add the installation prefix of "ament_cmake" to CMAKE_PREFIX_PATH or set
[0.186s]   "ament_cmake_DIR" to a directory containing one of the above files.  If
[0.186s]   "ament_cmake" provides a separate development package or SDK, be sure it
[0.186s]   has been installed.
[0.186s] 
[0.186s] [0m
[0.186s] -- Configuring incomplete, errors occurred!
[0.188s] Invoked command in '/home/lab/projects/cf/online/ros_ws/src/CoManDO_planner/build/comando_planner' returned '1': /usr/local/bin/cmake /home/lab/projects/cf/online/ros_ws/src/CoManDO_planner -DCMAKE_INSTALL_PREFIX=/home/lab/projects/cf/online/ros_ws/src/CoManDO_planner/install/comando_planner
