[0.046s] DEBUG:colcon:Command line arguments: ['/usr/bin/colcon', 'build', '--packages-select', 'comando_planner']
[0.046s] DEBUG:colcon:Parsed command line arguments: Namespace(log_base=None, log_level=None, verb_name='build', build_base='build', install_base='install', merge_install=False, symlink_install=False, test_result_base=None, continue_on_error=False, executor='parallel', parallel_workers=28, event_handlers=None, ignore_user_meta=False, metas=['./colcon.meta'], base_paths=['.'], packages_ignore=None, packages_ignore_regex=None, paths=None, packages_up_to=None, packages_up_to_regex=None, packages_above=None, packages_above_and_dependencies=None, packages_above_depth=None, packages_select_by_dep=None, packages_skip_by_dep=None, packages_skip_up_to=None, packages_select_build_failed=False, packages_skip_build_finished=False, packages_select_test_failures=False, packages_skip_test_passed=False, packages_select=['comando_planner'], packages_skip=None, packages_select_regex=None, packages_skip_regex=None, packages_start=None, packages_end=None, allow_overriding=[], cmake_args=None, cmake_target=None, cmake_target_skip_unavailable=False, cmake_clean_cache=False, cmake_clean_first=False, cmake_force_configure=False, ament_cmake_args=None, catkin_cmake_args=None, catkin_skip_building_tests=False, verb_parser=<colcon_defaults.argument_parser.defaults.DefaultArgumentsDecorator object at 0x7e69613894e0>, verb_extension=<colcon_core.verb.build.BuildVerb object at 0x7e696147aad0>, main=<bound method BuildVerb.main of <colcon_core.verb.build.BuildVerb object at 0x7e696147aad0>>)
[0.064s] Level 1:colcon.colcon_core.package_discovery:discover_packages(colcon_meta) check parameters
[0.065s] Level 1:colcon.colcon_core.package_discovery:discover_packages(recursive) check parameters
[0.065s] Level 1:colcon.colcon_core.package_discovery:discover_packages(ignore) check parameters
[0.065s] Level 1:colcon.colcon_core.package_discovery:discover_packages(path) check parameters
[0.065s] Level 1:colcon.colcon_core.package_discovery:discover_packages(colcon_meta) discover
[0.065s] Level 1:colcon.colcon_core.package_discovery:discover_packages(recursive) discover
[0.065s] INFO:colcon.colcon_core.package_discovery:Crawling recursively for packages in '/home/lab/projects/cf/online/ros_ws/src/CoManDO_planner'
[0.065s] Level 1:colcon.colcon_core.package_identification:_identify(.) by extensions ['ignore', 'ignore_ament_install']
[0.065s] Level 1:colcon.colcon_core.package_identification:_identify(.) by extension 'ignore'
[0.065s] Level 1:colcon.colcon_core.package_identification:_identify(.) by extension 'ignore_ament_install'
[0.065s] Level 1:colcon.colcon_core.package_identification:_identify(.) by extensions ['colcon_pkg']
[0.065s] Level 1:colcon.colcon_core.package_identification:_identify(.) by extension 'colcon_pkg'
[0.065s] Level 1:colcon.colcon_core.package_identification:_identify(.) by extensions ['colcon_meta']
[0.065s] Level 1:colcon.colcon_core.package_identification:_identify(.) by extension 'colcon_meta'
[0.065s] Level 1:colcon.colcon_core.package_identification:_identify(.) by extensions ['ros']
[0.065s] Level 1:colcon.colcon_core.package_identification:_identify(.) by extension 'ros'
[0.078s] DEBUG:colcon.colcon_core.package_identification:Package '.' with type 'ros.ament_cmake' and name 'comando_planner'
[0.078s] Level 1:colcon.colcon_core.package_discovery:discover_packages(recursive) using defaults
[0.078s] Level 1:colcon.colcon_core.package_discovery:discover_packages(ignore) discover
[0.078s] Level 1:colcon.colcon_core.package_discovery:discover_packages(ignore) using defaults
[0.078s] Level 1:colcon.colcon_core.package_discovery:discover_packages(path) discover
[0.078s] Level 1:colcon.colcon_core.package_discovery:discover_packages(path) using defaults
[0.087s] Level 1:colcon.colcon_core.package_discovery:discover_packages(prefix_path) check parameters
[0.087s] Level 1:colcon.colcon_core.package_discovery:discover_packages(prefix_path) discover
[0.087s] Level 1:colcon.colcon_core.package_discovery:discover_packages(prefix_path) using defaults
[0.088s] Level 5:colcon.colcon_core.verb:set package 'comando_planner' build argument 'cmake_args' from command line to 'None'
[0.088s] Level 5:colcon.colcon_core.verb:set package 'comando_planner' build argument 'cmake_target' from command line to 'None'
[0.088s] Level 5:colcon.colcon_core.verb:set package 'comando_planner' build argument 'cmake_target_skip_unavailable' from command line to 'False'
[0.088s] Level 5:colcon.colcon_core.verb:set package 'comando_planner' build argument 'cmake_clean_cache' from command line to 'False'
[0.088s] Level 5:colcon.colcon_core.verb:set package 'comando_planner' build argument 'cmake_clean_first' from command line to 'False'
[0.088s] Level 5:colcon.colcon_core.verb:set package 'comando_planner' build argument 'cmake_force_configure' from command line to 'False'
[0.088s] Level 5:colcon.colcon_core.verb:set package 'comando_planner' build argument 'ament_cmake_args' from command line to 'None'
[0.088s] Level 5:colcon.colcon_core.verb:set package 'comando_planner' build argument 'catkin_cmake_args' from command line to 'None'
[0.088s] Level 5:colcon.colcon_core.verb:set package 'comando_planner' build argument 'catkin_skip_building_tests' from command line to 'False'
[0.088s] DEBUG:colcon.colcon_core.verb:Building package 'comando_planner' with the following arguments: {'ament_cmake_args': None, 'build_base': '/home/lab/projects/cf/online/ros_ws/src/CoManDO_planner/build/comando_planner', 'catkin_cmake_args': None, 'catkin_skip_building_tests': False, 'cmake_args': None, 'cmake_clean_cache': False, 'cmake_clean_first': False, 'cmake_force_configure': False, 'cmake_target': None, 'cmake_target_skip_unavailable': False, 'install_base': '/home/lab/projects/cf/online/ros_ws/src/CoManDO_planner/install/comando_planner', 'merge_install': False, 'path': '/home/lab/projects/cf/online/ros_ws/src/CoManDO_planner', 'symlink_install': False, 'test_result_base': None}
[0.088s] INFO:colcon.colcon_core.executor:Executing jobs using 'parallel' executor
[0.089s] DEBUG:colcon.colcon_parallel_executor.executor.parallel:run_until_complete
[0.089s] INFO:colcon.colcon_ros.task.ament_cmake.build:Building ROS package in '/home/lab/projects/cf/online/ros_ws/src/CoManDO_planner' with build type 'ament_cmake'
[0.089s] INFO:colcon.colcon_cmake.task.cmake.build:Building CMake package in '/home/lab/projects/cf/online/ros_ws/src/CoManDO_planner'
[0.089s] INFO:colcon.colcon_core.plugin_system:Skipping extension 'colcon_core.shell.bat': Not used on non-Windows systems
[0.090s] INFO:colcon.colcon_core.shell:Skip shell extension 'powershell' for command environment: Not usable outside of PowerShell
[0.090s] DEBUG:colcon.colcon_core.shell:Skip shell extension 'dsv' for command environment
[0.094s] DEBUG:colcon.colcon_core.event_handler.log_command:Invoking command in '/home/lab/projects/cf/online/ros_ws/src/CoManDO_planner/build/comando_planner': /usr/local/bin/cmake /home/lab/projects/cf/online/ros_ws/src/CoManDO_planner -DCMAKE_INSTALL_PREFIX=/home/lab/projects/cf/online/ros_ws/src/CoManDO_planner/install/comando_planner
[0.277s] DEBUG:colcon.colcon_core.event_handler.log_command:Invoked command in '/home/lab/projects/cf/online/ros_ws/src/CoManDO_planner/build/comando_planner' returned '1': /usr/local/bin/cmake /home/lab/projects/cf/online/ros_ws/src/CoManDO_planner -DCMAKE_INSTALL_PREFIX=/home/lab/projects/cf/online/ros_ws/src/CoManDO_planner/install/comando_planner
[0.281s] Level 1:colcon.colcon_core.environment:create_environment_scripts_only(comando_planner)
[0.282s] Level 1:colcon.colcon_core.environment:checking '/home/lab/projects/cf/online/ros_ws/src/CoManDO_planner/install/comando_planner' for CMake module files
[0.282s] Level 1:colcon.colcon_core.environment:checking '/home/lab/projects/cf/online/ros_ws/src/CoManDO_planner/install/comando_planner' for CMake config files
[0.282s] Level 1:colcon.colcon_core.environment:checking '/home/lab/projects/cf/online/ros_ws/src/CoManDO_planner/install/comando_planner/bin'
[0.282s] Level 1:colcon.colcon_core.environment:checking '/home/lab/projects/cf/online/ros_ws/src/CoManDO_planner/install/comando_planner/lib/pkgconfig/comando_planner.pc'
[0.282s] Level 1:colcon.colcon_core.environment:checking '/home/lab/projects/cf/online/ros_ws/src/CoManDO_planner/install/comando_planner/lib/python3.10/site-packages'
[0.283s] Level 1:colcon.colcon_core.environment:checking '/home/lab/projects/cf/online/ros_ws/src/CoManDO_planner/install/comando_planner/bin'
[0.283s] INFO:colcon.colcon_core.shell:Creating package script '/home/lab/projects/cf/online/ros_ws/src/CoManDO_planner/install/comando_planner/share/comando_planner/package.ps1'
[0.283s] INFO:colcon.colcon_core.shell:Creating package descriptor '/home/lab/projects/cf/online/ros_ws/src/CoManDO_planner/install/comando_planner/share/comando_planner/package.dsv'
[0.283s] INFO:colcon.colcon_core.shell:Creating package script '/home/lab/projects/cf/online/ros_ws/src/CoManDO_planner/install/comando_planner/share/comando_planner/package.sh'
[0.284s] INFO:colcon.colcon_core.shell:Creating package script '/home/lab/projects/cf/online/ros_ws/src/CoManDO_planner/install/comando_planner/share/comando_planner/package.bash'
[0.284s] INFO:colcon.colcon_core.shell:Creating package script '/home/lab/projects/cf/online/ros_ws/src/CoManDO_planner/install/comando_planner/share/comando_planner/package.zsh'
[0.284s] Level 1:colcon.colcon_core.environment:create_file_with_runtime_dependencies(/home/lab/projects/cf/online/ros_ws/src/CoManDO_planner/install/comando_planner/share/colcon-core/packages/comando_planner)
[0.294s] DEBUG:colcon.colcon_parallel_executor.executor.parallel:closing loop
[0.294s] DEBUG:colcon.colcon_parallel_executor.executor.parallel:loop closed
[0.294s] DEBUG:colcon.colcon_parallel_executor.executor.parallel:run_until_complete finished with '1'
[0.294s] DEBUG:colcon.colcon_core.event_reactor:joining thread
[0.298s] INFO:colcon.colcon_core.plugin_system:Skipping extension 'colcon_notification.desktop_notification.terminal_notifier': Not used on non-Darwin systems
[0.298s] INFO:colcon.colcon_core.plugin_system:Skipping extension 'colcon_notification.desktop_notification.win32': Not used on non-Windows systems
[0.298s] INFO:colcon.colcon_notification.desktop_notification:Sending desktop notification using 'notify2'
[0.303s] DEBUG:colcon.colcon_core.event_reactor:joined thread
[0.304s] INFO:colcon.colcon_core.shell:Creating prefix script '/home/lab/projects/cf/online/ros_ws/src/CoManDO_planner/install/local_setup.ps1'
[0.304s] INFO:colcon.colcon_core.shell:Creating prefix util module '/home/lab/projects/cf/online/ros_ws/src/CoManDO_planner/install/_local_setup_util_ps1.py'
[0.305s] INFO:colcon.colcon_core.shell:Creating prefix chain script '/home/lab/projects/cf/online/ros_ws/src/CoManDO_planner/install/setup.ps1'
[0.306s] INFO:colcon.colcon_core.shell:Creating prefix script '/home/lab/projects/cf/online/ros_ws/src/CoManDO_planner/install/local_setup.sh'
[0.306s] INFO:colcon.colcon_core.shell:Creating prefix util module '/home/lab/projects/cf/online/ros_ws/src/CoManDO_planner/install/_local_setup_util_sh.py'
[0.306s] INFO:colcon.colcon_core.shell:Creating prefix chain script '/home/lab/projects/cf/online/ros_ws/src/CoManDO_planner/install/setup.sh'
[0.307s] INFO:colcon.colcon_core.shell:Creating prefix script '/home/lab/projects/cf/online/ros_ws/src/CoManDO_planner/install/local_setup.bash'
[0.307s] INFO:colcon.colcon_core.shell:Creating prefix chain script '/home/lab/projects/cf/online/ros_ws/src/CoManDO_planner/install/setup.bash'
[0.307s] INFO:colcon.colcon_core.shell:Creating prefix script '/home/lab/projects/cf/online/ros_ws/src/CoManDO_planner/install/local_setup.zsh'
[0.307s] INFO:colcon.colcon_core.shell:Creating prefix chain script '/home/lab/projects/cf/online/ros_ws/src/CoManDO_planner/install/setup.zsh'
