[0.003s] Invoking command in '/home/lab/projects/cf/online/ros_ws/src/CoManDO_planner/build/comando_planner': /usr/local/bin/cmake /home/lab/projects/cf/online/ros_ws/src/CoManDO_planner -DCMAKE_INSTALL_PREFIX=/home/lab/projects/cf/online/ros_ws/src/CoManDO_planner/install/comando_planner
[0.076s] -- The C compiler identification is GNU 12.3.0
[0.131s] -- The CXX compiler identification is GNU 11.4.0
[0.137s] -- Detecting C compiler ABI info
[0.176s] -- Detecting C compiler ABI info - done
[0.184s] -- Check for working C compiler: /usr/bin/cc - skipped
[0.184s] -- Detecting C compile features
[0.185s] -- Detecting C compile features - done
[0.193s] -- Detecting CXX compiler ABI info
[0.229s] -- Detecting CXX compiler ABI info - done
[0.237s] -- Check for working CXX compiler: /usr/bin/c++ - skipped
[0.237s] -- Detecting CXX compile features
[0.238s] -- Detecting CXX compile features - done
[0.247s] [31mCMake Error at CMakeLists.txt:12 (find_package):
[0.247s]   By not providing "Findament_cmake.cmake" in CMAKE_MODULE_PATH this project
[0.247s]   has asked CMake to find a package configuration file provided by
[0.247s]   "ament_cmake", but CMake did not find one.
[0.247s] 
[0.247s]   Could not find a package configuration file provided by "ament_cmake" with
[0.247s]   any of the following names:
[0.247s] 
[0.247s]     ament_cmakeConfig.cmake
[0.247s]     ament_cmake-config.cmake
[0.247s] 
[0.247s]   Add the installation prefix of "ament_cmake" to CMAKE_PREFIX_PATH or set
[0.247s]   "ament_cmake_DIR" to a directory containing one of the above files.  If
[0.247s]   "ament_cmake" provides a separate development package or SDK, be sure it
[0.247s]   has been installed.
[0.247s] 
[0.247s] [0m
[0.247s] -- Configuring incomplete, errors occurred!
[0.249s] Invoked command in '/home/lab/projects/cf/online/ros_ws/src/CoManDO_planner/build/comando_planner' returned '1': /usr/local/bin/cmake /home/lab/projects/cf/online/ros_ws/src/CoManDO_planner -DCMAKE_INSTALL_PREFIX=/home/lab/projects/cf/online/ros_ws/src/CoManDO_planner/install/comando_planner
